ubuntu@ip-10-2-10-36:~$ mysql -u admin -psample123 -h secondary-rds-uda-db.cppx3maz3kr0.us-west-2.rds.amazonaws.com
mysql: [Warning] Using a password on the command line interface can be insecure.
Welcome to the MySQL monitor.  Commands end with ; or \g.
Your MySQL connection id is 46
Server version: 8.0.32 Source distribution

Copyright (c) 2000, 2023, Oracle and/or its affiliates.

Oracle is a registered trademark of Oracle Corporation and/or its
affiliates. Other names may be trademarks of their respective
owners.

Type 'help;' or '\h' for help. Type '\c' to clear the current input statement.

mysql> USE udacity
Reading table information for completion of table and column names
You can turn off this feature to get a quicker startup with -A

Database changed
mysql> DESCRIBE tables;
ERROR 1146 (42S02): Table 'udacity.tables' doesn't exist
mysql> SHOW tables;
+-------------------+
| Tables_in_udacity |
+-------------------+
| pet               |
+-------------------+
1 row in set (0.00 sec)

mysql> SELECT * from pet;
+------+---------+---------+------+-------+-------+
| name | owner   | species | sex  | birth | death |
+------+---------+---------+------+-------+-------+
| fido | charlie | cocker  | m    | NULL  | NULL  |
+------+---------+---------+------+-------+-------+
1 row in set (0.00 sec)

mysql> INSERT INTO pet (name, owner, species, sex) VALUES('duke', 'Fred', 'boxer', 'f');
ERROR 1290 (HY000): The MySQL server is running with the --read-only option so it cannot execute this statement
mysql> 

